{"success":false,"error":"Invalid action. Supported actions: provinces, cities, barangays, search_provinces, search_cities, region_info, all, stats"}
